============================================================
  Generated by:           Genus(TM) Synthesis Solution 21.14-s082_1
  Generated on:           Aug 08 2026  02:12:35 am
  Module:                 i2c_master
  Operating conditions:   slow (balanced_tree)
  Wireload mode:          enclosed
  Area mode:              timing library
============================================================

                              
   Gate    Instances   Area   Library 
--------------------------------------
AND2X1             1    4.541    slow 
AND4X1             1    6.812    slow 
AO22X1             1    7.569    slow 
AOI211XL           1    5.298    slow 
AOI21XL            2    9.083    slow 
AOI222XL           1    8.326    slow 
AOI32XL            3   20.436    slow 
AOI33XL            3   22.707    slow 
DFFRHQX1           1   20.436    slow 
DFFRX1             2   43.900    slow 
DFFSHQX1           2   42.386    slow 
INVXL             18   40.873    slow 
MX4XL              1   18.166    slow 
MXI2XL             2   12.110    slow 
NAND2XL           14   42.386    slow 
NAND3XL            1    4.541    slow 
NAND4XL            3   15.895    slow 
NOR2BXL            4   18.166    slow 
NOR2XL            12   36.331    slow 
NOR4BXL            1    6.812    slow 
NOR4XL             1    6.055    slow 
OAI211XL           4   21.193    slow 
OAI21XL            1    4.541    slow 
OAI32XL            1    6.812    slow 
OAI33XL            1    8.326    slow 
OR2X1              6   27.248    slow 
OR3XL              1    6.055    slow 
SDFFRHQX1         13  324.710    slow 
SDFFSHQX1          1   27.248    slow 
TBUFXL             1    9.083    slow 
--------------------------------------
total            104  828.049         


                                        
     Type      Instances   Area  Area % 
----------------------------------------
sequential            19 458.681   55.4 
inverter              18  40.873    4.9 
tristate               1   9.083    1.1 
logic                 66 319.412   38.6 
physical_cells         0   0.000    0.0 
----------------------------------------
total                104 828.049  100.0 

